\BOOKMARK [0][-]{chapter.1}{\376\377\0001\000\040\000H\000i\000e\000r\000a\000r\000c\000h\000i\000j\000o\000s\000\040\000I\000n\000d\000e\000k\000s\000a\000s}{}% 1
\BOOKMARK [1][-]{section.1.1}{\376\377\0001\000.\0001\000\040\000K\000l\000a\000s\000i\001\163\000\040\000h\000i\000e\000r\000a\000r\000c\000h\000i\000j\000a}{chapter.1}% 2
\BOOKMARK [0][-]{chapter.2}{\376\377\0002\000\040\000K\000l\000a\000s\001\027\000s\000\040\000I\000n\000d\000e\000k\000s\000a\000s}{}% 3
\BOOKMARK [1][-]{section.2.1}{\376\377\0002\000.\0001\000\040\000K\000l\000a\000s\001\027\000s}{chapter.2}% 4
\BOOKMARK [0][-]{chapter.3}{\376\377\0003\000\040\000F\000a\000i\000l\000o\000\040\000I\000n\000d\000e\000k\000s\000a\000s}{}% 5
\BOOKMARK [1][-]{section.3.1}{\376\377\0003\000.\0001\000\040\000F\000a\000i\000l\000a\000i}{chapter.3}% 6
\BOOKMARK [0][-]{chapter.4}{\376\377\0004\000\040\000K\000l\000a\000s\001\027\000s\000\040\000D\000o\000k\000u\000m\000e\000n\000t\000a\000c\000i\000j\000a}{}% 7
\BOOKMARK [1][-]{section.4.1}{\376\377\0004\000.\0001\000\040\000S\000t\000u\000d\000e\000n\000t\000a\000s\000\040\000K\000l\000a\000s\001\027}{chapter.4}% 8
\BOOKMARK [2][-]{subsection.4.1.1}{\376\377\0004\000.\0001\000.\0001\000\040\000K\000o\000n\000s\000t\000r\000u\000k\000t\000o\000r\000i\000a\000u\000s\000\040\000i\000r\000\040\000D\000e\000s\000t\000r\000u\000k\000t\000o\000r\000i\000a\000u\000s\000\040\000D\000o\000k\000u\000m\000e\000n\000t\000a\000c\000i\000j\000a}{section.4.1}% 9
\BOOKMARK [3][-]{subsubsection.4.1.1.1}{\376\377\0004\000.\0001\000.\0001\000.\0001\000\040\000S\000t\000u\000d\000e\000n\000t\000a\000s\000\050\000\051\000\040\000[\0001\000/\0004\000]}{subsection.4.1.1}% 10
\BOOKMARK [3][-]{subsubsection.4.1.1.2}{\376\377\0004\000.\0001\000.\0001\000.\0002\000\040\000S\000t\000u\000d\000e\000n\000t\000a\000s\000\050\000\051\000\040\000[\0002\000/\0004\000]}{subsection.4.1.1}% 11
\BOOKMARK [3][-]{subsubsection.4.1.1.3}{\376\377\0004\000.\0001\000.\0001\000.\0003\000\040\000S\000t\000u\000d\000e\000n\000t\000a\000s\000\050\000\051\000\040\000[\0003\000/\0004\000]}{subsection.4.1.1}% 12
\BOOKMARK [3][-]{subsubsection.4.1.1.4}{\376\377\0004\000.\0001\000.\0001\000.\0004\000\040\000S\000t\000u\000d\000e\000n\000t\000a\000s\000\050\000\051\000\040\000[\0004\000/\0004\000]}{subsection.4.1.1}% 13
\BOOKMARK [3][-]{subsubsection.4.1.1.5}{\376\377\0004\000.\0001\000.\0001\000.\0005\000\040\000~\000S\000t\000u\000d\000e\000n\000t\000a\000s\000\050\000\051}{subsection.4.1.1}% 14
\BOOKMARK [2][-]{subsection.4.1.2}{\376\377\0004\000.\0001\000.\0002\000\040\000M\000e\000t\000o\000d\001\163\000\040\000D\000o\000k\000u\000m\000e\000n\000t\000a\000c\000i\000j\000a}{section.4.1}% 15
\BOOKMARK [3][-]{subsubsection.4.1.2.1}{\376\377\0004\000.\0001\000.\0002\000.\0001\000\040\000g\000e\000t\000E\000g\000z\000\050\000\051}{subsection.4.1.2}% 16
\BOOKMARK [3][-]{subsubsection.4.1.2.2}{\376\377\0004\000.\0001\000.\0002\000.\0002\000\040\000g\000e\000t\000G\000a\000l\000M\000e\000d\000\050\000\051}{subsection.4.1.2}% 17
\BOOKMARK [3][-]{subsubsection.4.1.2.3}{\376\377\0004\000.\0001\000.\0002\000.\0003\000\040\000g\000e\000t\000G\000a\000l\000V\000i\000d\000\050\000\051}{subsection.4.1.2}% 18
\BOOKMARK [3][-]{subsubsection.4.1.2.4}{\376\377\0004\000.\0001\000.\0002\000.\0004\000\040\000g\000e\000t\000N\000d\000\050\000\051}{subsection.4.1.2}% 19
\BOOKMARK [3][-]{subsubsection.4.1.2.5}{\376\377\0004\000.\0001\000.\0002\000.\0005\000\040\000i\000s\000v\000a\000l\000y\000t\000i\000N\000d\000\050\000\051}{subsection.4.1.2}% 20
\BOOKMARK [3][-]{subsubsection.4.1.2.6}{\376\377\0004\000.\0001\000.\0002\000.\0006\000\040\000o\000p\000e\000r\000a\000t\000o\000r\000=\000\050\000\051\000\040\000[\0001\000/\0002\000]}{subsection.4.1.2}% 21
\BOOKMARK [3][-]{subsubsection.4.1.2.7}{\376\377\0004\000.\0001\000.\0002\000.\0007\000\040\000o\000p\000e\000r\000a\000t\000o\000r\000=\000\050\000\051\000\040\000[\0002\000/\0002\000]}{subsection.4.1.2}% 22
\BOOKMARK [3][-]{subsubsection.4.1.2.8}{\376\377\0004\000.\0001\000.\0002\000.\0008\000\040\000p\000a\000s\000a\000l\000i\000n\000t\000i\000P\000a\000s\000k\000u\000t\000i\000n\000i\000N\000d\000\050\000\051}{subsection.4.1.2}% 23
\BOOKMARK [3][-]{subsubsection.4.1.2.9}{\376\377\0004\000.\0001\000.\0002\000.\0009\000\040\000p\000r\000i\000d\000e\000t\000i\000N\000d\000\050\000\051}{subsection.4.1.2}% 24
\BOOKMARK [3][-]{subsubsection.4.1.2.10}{\376\377\0004\000.\0001\000.\0002\000.\0001\0000\000\040\000s\000e\000t\000E\000g\000z\000\050\000\051}{subsection.4.1.2}% 25
\BOOKMARK [3][-]{subsubsection.4.1.2.11}{\376\377\0004\000.\0001\000.\0002\000.\0001\0001\000\040\000s\000e\000t\000G\000a\000l\000M\000e\000d\000\050\000\051}{subsection.4.1.2}% 26
\BOOKMARK [3][-]{subsubsection.4.1.2.12}{\376\377\0004\000.\0001\000.\0002\000.\0001\0002\000\040\000s\000e\000t\000G\000a\000l\000V\000i\000d\000\050\000\051}{subsection.4.1.2}% 27
\BOOKMARK [3][-]{subsubsection.4.1.2.13}{\376\377\0004\000.\0001\000.\0002\000.\0001\0003\000\040\000s\000k\000a\000i\000c\000i\000u\000o\000t\000i\000G\000a\000l\000u\000t\000i\000n\000i\000S\000u\000M\000e\000d\000\050\000\051}{subsection.4.1.2}% 28
\BOOKMARK [3][-]{subsubsection.4.1.2.14}{\376\377\0004\000.\0001\000.\0002\000.\0001\0004\000\040\000s\000k\000a\000i\000c\000i\000u\000o\000t\000i\000G\000a\000l\000u\000t\000i\000n\000i\000S\000u\000V\000i\000d\000\050\000\051}{subsection.4.1.2}% 29
\BOOKMARK [3][-]{subsubsection.4.1.2.15}{\376\377\0004\000.\0001\000.\0002\000.\0001\0005\000\040\000t\000i\000p\000a\000s\000\050\000\051}{subsection.4.1.2}% 30
\BOOKMARK [2][-]{subsection.4.1.3}{\376\377\0004\000.\0001\000.\0003\000\040\000D\000r\000a\000u\000g\000i\001\141\000k\001\163\000\040\000I\000r\000\040\000S\000u\000s\000i\000j\000u\000s\000i\001\163\000\040\000F\000u\000n\000k\000c\000i\000j\001\163\000\040\000D\000o\000k\000u\000m\000e\000n\000t\000a\000c\000i\000j\000a}{section.4.1}% 31
\BOOKMARK [3][-]{subsubsection.4.1.3.1}{\376\377\0004\000.\0001\000.\0003\000.\0001\000\040\000o\000p\000e\000r\000a\000t\000o\000r\000<\000<}{subsection.4.1.3}% 32
\BOOKMARK [3][-]{subsubsection.4.1.3.2}{\376\377\0004\000.\0001\000.\0003\000.\0002\000\040\000o\000p\000e\000r\000a\000t\000o\000r\000>\000>}{subsection.4.1.3}% 33
\BOOKMARK [1][-]{section.4.2}{\376\377\0004\000.\0002\000\040\000Z\000m\000o\000g\000u\000s\000\040\000K\000l\000a\000s\001\027}{chapter.4}% 34
\BOOKMARK [2][-]{subsection.4.2.1}{\376\377\0004\000.\0002\000.\0001\000\040\000K\000o\000n\000s\000t\000r\000u\000k\000t\000o\000r\000i\000a\000u\000s\000\040\000i\000r\000\040\000D\000e\000s\000t\000r\000u\000k\000t\000o\000r\000i\000a\000u\000s\000\040\000D\000o\000k\000u\000m\000e\000n\000t\000a\000c\000i\000j\000a}{section.4.2}% 35
\BOOKMARK [3][-]{subsubsection.4.2.1.1}{\376\377\0004\000.\0002\000.\0001\000.\0001\000\040\000Z\000m\000o\000g\000u\000s\000\050\000\051\000\040\000[\0001\000/\0002\000]}{subsection.4.2.1}% 36
\BOOKMARK [3][-]{subsubsection.4.2.1.2}{\376\377\0004\000.\0002\000.\0001\000.\0002\000\040\000Z\000m\000o\000g\000u\000s\000\050\000\051\000\040\000[\0002\000/\0002\000]}{subsection.4.2.1}% 37
\BOOKMARK [3][-]{subsubsection.4.2.1.3}{\376\377\0004\000.\0002\000.\0001\000.\0003\000\040\000~\000Z\000m\000o\000g\000u\000s\000\050\000\051}{subsection.4.2.1}% 38
\BOOKMARK [2][-]{subsection.4.2.2}{\376\377\0004\000.\0002\000.\0002\000\040\000M\000e\000t\000o\000d\001\163\000\040\000D\000o\000k\000u\000m\000e\000n\000t\000a\000c\000i\000j\000a}{section.4.2}% 39
\BOOKMARK [3][-]{subsubsection.4.2.2.1}{\376\377\0004\000.\0002\000.\0002\000.\0001\000\040\000g\000e\000t\000P\000a\000v\000a\000r\000d\000e\000\050\000\051}{subsection.4.2.2}% 40
\BOOKMARK [3][-]{subsubsection.4.2.2.2}{\376\377\0004\000.\0002\000.\0002\000.\0002\000\040\000g\000e\000t\000V\000a\000r\000d\000a\000s\000\050\000\051}{subsection.4.2.2}% 41
\BOOKMARK [3][-]{subsubsection.4.2.2.3}{\376\377\0004\000.\0002\000.\0002\000.\0003\000\040\000s\000e\000t\000P\000a\000v\000a\000r\000d\000e\000\050\000\051}{subsection.4.2.2}% 42
\BOOKMARK [3][-]{subsubsection.4.2.2.4}{\376\377\0004\000.\0002\000.\0002\000.\0004\000\040\000s\000e\000t\000V\000a\000r\000d\000a\000s\000\050\000\051}{subsection.4.2.2}% 43
\BOOKMARK [3][-]{subsubsection.4.2.2.5}{\376\377\0004\000.\0002\000.\0002\000.\0005\000\040\000t\000i\000p\000a\000s\000\050\000\051}{subsection.4.2.2}% 44
\BOOKMARK [2][-]{subsection.4.2.3}{\376\377\0004\000.\0002\000.\0003\000\040\000A\000t\000r\000i\000b\000u\000t\001\163\000\040\000D\000o\000k\000u\000m\000e\000n\000t\000a\000c\000i\000j\000a}{section.4.2}% 45
\BOOKMARK [3][-]{subsubsection.4.2.3.1}{\376\377\0004\000.\0002\000.\0003\000.\0001\000\040\000p\000a\000v\000a\000r\000d\000e\000\137}{subsection.4.2.3}% 46
\BOOKMARK [3][-]{subsubsection.4.2.3.2}{\376\377\0004\000.\0002\000.\0003\000.\0002\000\040\000v\000a\000r\000d\000a\000s\000\137}{subsection.4.2.3}% 47
\BOOKMARK [0][-]{chapter.5}{\376\377\0005\000\040\000F\000a\000i\000l\000o\000\040\000D\000o\000k\000u\000m\000e\000n\000t\000a\000c\000i\000j\000a}{}% 48
\BOOKMARK [1][-]{section.5.1}{\376\377\0005\000.\0001\000\040\000i\000n\000c\000l\000u\000d\000e\000/\000m\000y\000\137\000l\000i\000b\000.\000h\000\040\000F\000a\000i\000l\000o\000\040\000N\000u\000o\000r\000o\000d\000a}{chapter.5}% 49
\BOOKMARK [2][-]{subsection.5.1.1}{\376\377\0005\000.\0001\000.\0001\000\040\000F\000u\000n\000k\000c\000i\000j\000o\000s\000\040\000D\000o\000k\000u\000m\000e\000n\000t\000a\000c\000i\000j\000a}{section.5.1}% 50
\BOOKMARK [3][-]{subsubsection.5.1.1.1}{\376\377\0005\000.\0001\000.\0001\000.\0001\000\040\000a\000t\000l\000i\000k\000t\000i\000A\000n\000t\000r\000a\000T\000y\000r\000i\000m\000a\000\050\000\051\000\040\000[\0001\000/\0002\000]}{subsection.5.1.1}% 51
\BOOKMARK [3][-]{subsubsection.5.1.1.2}{\376\377\0005\000.\0001\000.\0001\000.\0002\000\040\000a\000t\000l\000i\000k\000t\000i\000A\000n\000t\000r\000a\000T\000y\000r\000i\000m\000a\000\050\000\051\000\040\000[\0002\000/\0002\000]}{subsection.5.1.1}% 52
\BOOKMARK [3][-]{subsubsection.5.1.1.3}{\376\377\0005\000.\0001\000.\0001\000.\0003\000\040\000a\000t\000l\000i\000k\000t\000i\000P\000i\000r\000m\000a\000T\000y\000r\000i\000m\000a\000\050\000\051}{subsection.5.1.1}% 53
\BOOKMARK [3][-]{subsubsection.5.1.1.4}{\376\377\0005\000.\0001\000.\0001\000.\0004\000\040\000g\000e\000n\000e\000r\000u\000o\000t\000i\000F\000a\000i\000l\000a\000\050\000\051}{subsection.5.1.1}% 54
\BOOKMARK [3][-]{subsubsection.5.1.1.5}{\376\377\0005\000.\0001\000.\0001\000.\0005\000\040\000g\000e\000n\000e\000r\000u\000o\000t\000i\000P\000a\000z\000y\000m\000i\000u\000s\000\050\000\051}{subsection.5.1.1}% 55
\BOOKMARK [3][-]{subsubsection.5.1.1.6}{\376\377\0005\000.\0001\000.\0001\000.\0006\000\040\000g\000e\000n\000e\000r\000u\000o\000t\000i\000S\000t\000u\000d\000e\000n\000t\000u\000s\000\050\000\051}{subsection.5.1.1}% 56
\BOOKMARK [3][-]{subsubsection.5.1.1.7}{\376\377\0005\000.\0001\000.\0001\000.\0007\000\040\000i\000s\000v\000e\000s\000t\000i\000D\000u\000F\000a\000i\000l\000u\000s\000\050\000\051}{subsection.5.1.1}% 57
\BOOKMARK [3][-]{subsubsection.5.1.1.8}{\376\377\0005\000.\0001\000.\0001\000.\0008\000\040\000n\000u\000s\000k\000a\000i\000t\000y\000t\000i\000F\000a\000i\000l\000a\000\050\000\051}{subsection.5.1.1}% 58
\BOOKMARK [3][-]{subsubsection.5.1.1.9}{\376\377\0005\000.\0001\000.\0001\000.\0009\000\040\000n\000u\000s\000k\000a\000i\000t\000y\000t\000i\000F\000a\000i\000l\000a\000T\000e\000s\000t\000a\000v\000i\000m\000u\000i\000\050\000\051}{subsection.5.1.1}% 59
\BOOKMARK [3][-]{subsubsection.5.1.1.10}{\376\377\0005\000.\0001\000.\0001\000.\0001\0000\000\040\000p\000a\000s\000k\000i\000r\000s\000t\000y\000t\000i\000S\000t\000u\000d\000e\000n\000t\000u\000s\000\050\000\051}{subsection.5.1.1}% 60
\BOOKMARK [3][-]{subsubsection.5.1.1.11}{\376\377\0005\000.\0001\000.\0001\000.\0001\0001\000\040\000p\000a\000s\000k\000i\000r\000s\000t\000y\000t\000i\000S\000t\000u\000d\000e\000n\000t\000u\000s\000S\0002\000\050\000\051}{subsection.5.1.1}% 61
\BOOKMARK [3][-]{subsubsection.5.1.1.12}{\376\377\0005\000.\0001\000.\0001\000.\0001\0002\000\040\000p\000a\000s\000k\000i\000r\000s\000t\000y\000t\000i\000S\000t\000u\000d\000e\000n\000t\000u\000s\000S\0003\000\050\000\051}{subsection.5.1.1}% 62
\BOOKMARK [3][-]{subsubsection.5.1.1.13}{\376\377\0005\000.\0001\000.\0001\000.\0001\0003\000\040\000r\000i\000k\000i\000u\000o\000t\000i\000P\000a\000g\000a\000l\000G\000a\000l\000u\000t\000i\000n\000i\000M\000e\000d\000\050\000\051}{subsection.5.1.1}% 63
\BOOKMARK [3][-]{subsubsection.5.1.1.14}{\376\377\0005\000.\0001\000.\0001\000.\0001\0004\000\040\000r\000i\000k\000i\000u\000o\000t\000i\000P\000a\000g\000a\000l\000G\000a\000l\000u\000t\000i\000n\000i\000V\000i\000d\000\050\000\051}{subsection.5.1.1}% 64
\BOOKMARK [3][-]{subsubsection.5.1.1.15}{\376\377\0005\000.\0001\000.\0001\000.\0001\0005\000\040\000r\000i\000k\000i\000u\000o\000t\000i\000P\000a\000v\000a\000r\000d\000e\000\050\000\051}{subsection.5.1.1}% 65
\BOOKMARK [3][-]{subsubsection.5.1.1.16}{\376\377\0005\000.\0001\000.\0001\000.\0001\0006\000\040\000r\000i\000k\000i\000u\000o\000t\000i\000S\000t\000u\000d\000e\000n\000t\000u\000s\000\050\000\051}{subsection.5.1.1}% 66
\BOOKMARK [3][-]{subsubsection.5.1.1.17}{\376\377\0005\000.\0001\000.\0001\000.\0001\0007\000\040\000r\000i\000k\000i\000u\000o\000t\000i\000V\000a\000r\000d\000a\000\050\000\051}{subsection.5.1.1}% 67
\BOOKMARK [3][-]{subsubsection.5.1.1.18}{\376\377\0005\000.\0001\000.\0001\000.\0001\0008\000\040\000r\000o\000d\000y\000t\000i\000R\000e\000z\000\050\000\051}{subsection.5.1.1}% 68
\BOOKMARK [3][-]{subsubsection.5.1.1.19}{\376\377\0005\000.\0001\000.\0001\000.\0001\0009\000\040\000r\000o\000d\000y\000t\000i\000R\000e\000z\000u\000l\000t\000a\000t\000u\000s\000\050\000\051}{subsection.5.1.1}% 69
\BOOKMARK [1][-]{section.5.2}{\376\377\0005\000.\0002\000\040\000m\000y\000\137\000l\000i\000b\000.\000h}{chapter.5}% 70
\BOOKMARK [1][-]{section.5.3}{\376\377\0005\000.\0003\000\040\000i\000n\000c\000l\000u\000d\000e\000/\000S\000t\000u\000d\000e\000n\000t\000a\000s\000.\000h\000\040\000F\000a\000i\000l\000o\000\040\000N\000u\000o\000r\000o\000d\000a}{chapter.5}% 71
\BOOKMARK [1][-]{section.5.4}{\376\377\0005\000.\0004\000\040\000S\000t\000u\000d\000e\000n\000t\000a\000s\000.\000h}{chapter.5}% 72
\BOOKMARK [1][-]{section.5.5}{\376\377\0005\000.\0005\000\040\000i\000n\000c\000l\000u\000d\000e\000/\000Z\000m\000o\000g\000u\000s\000.\000h\000\040\000F\000a\000i\000l\000o\000\040\000N\000u\000o\000r\000o\000d\000a}{chapter.5}% 73
\BOOKMARK [1][-]{section.5.6}{\376\377\0005\000.\0006\000\040\000Z\000m\000o\000g\000u\000s\000.\000h}{chapter.5}% 74
\BOOKMARK [1][-]{section.5.7}{\376\377\0005\000.\0007\000\040\000s\000r\000c\000/\000m\000a\000i\000n\000.\000c\000p\000p\000\040\000F\000a\000i\000l\000o\000\040\000N\000u\000o\000r\000o\000d\000a}{chapter.5}% 75
\BOOKMARK [2][-]{subsection.5.7.1}{\376\377\0005\000.\0007\000.\0001\000\040\000F\000u\000n\000k\000c\000i\000j\000o\000s\000\040\000D\000o\000k\000u\000m\000e\000n\000t\000a\000c\000i\000j\000a}{section.5.7}% 76
\BOOKMARK [3][-]{subsubsection.5.7.1.1}{\376\377\0005\000.\0007\000.\0001\000.\0001\000\040\000m\000a\000i\000n\000\050\000\051}{subsection.5.7.1}% 77
\BOOKMARK [1][-]{section.5.8}{\376\377\0005\000.\0008\000\040\000s\000r\000c\000/\000m\000y\000\137\000l\000i\000b\000.\000c\000p\000p\000\040\000F\000a\000i\000l\000o\000\040\000N\000u\000o\000r\000o\000d\000a}{chapter.5}% 78
\BOOKMARK [2][-]{subsection.5.8.1}{\376\377\0005\000.\0008\000.\0001\000\040\000F\000u\000n\000k\000c\000i\000j\000o\000s\000\040\000D\000o\000k\000u\000m\000e\000n\000t\000a\000c\000i\000j\000a}{section.5.8}% 79
\BOOKMARK [3][-]{subsubsection.5.8.1.1}{\376\377\0005\000.\0008\000.\0001\000.\0001\000\040\000a\000t\000l\000i\000k\000t\000i\000P\000i\000r\000m\000a\000T\000y\000r\000i\000m\000a\000\050\000\051}{subsection.5.8.1}% 80
\BOOKMARK [3][-]{subsubsection.5.8.1.2}{\376\377\0005\000.\0008\000.\0001\000.\0002\000\040\000g\000e\000n\000e\000r\000u\000o\000t\000i\000F\000a\000i\000l\000a\000\050\000\051}{subsection.5.8.1}% 81
\BOOKMARK [3][-]{subsubsection.5.8.1.3}{\376\377\0005\000.\0008\000.\0001\000.\0003\000\040\000g\000e\000n\000e\000r\000u\000o\000t\000i\000P\000a\000z\000y\000m\000i\000u\000s\000\050\000\051}{subsection.5.8.1}% 82
\BOOKMARK [3][-]{subsubsection.5.8.1.4}{\376\377\0005\000.\0008\000.\0001\000.\0004\000\040\000g\000e\000n\000e\000r\000u\000o\000t\000i\000S\000t\000u\000d\000e\000n\000t\000u\000s\000\050\000\051}{subsection.5.8.1}% 83
\BOOKMARK [3][-]{subsubsection.5.8.1.5}{\376\377\0005\000.\0008\000.\0001\000.\0005\000\040\000i\000s\000v\000e\000s\000t\000i\000D\000u\000F\000a\000i\000l\000u\000s\000\050\000\051}{subsection.5.8.1}% 84
\BOOKMARK [3][-]{subsubsection.5.8.1.6}{\376\377\0005\000.\0008\000.\0001\000.\0006\000\040\000n\000u\000s\000k\000a\000i\000t\000y\000t\000i\000F\000a\000i\000l\000a\000T\000e\000s\000t\000a\000v\000i\000m\000u\000i\000\050\000\051}{subsection.5.8.1}% 85
\BOOKMARK [3][-]{subsubsection.5.8.1.7}{\376\377\0005\000.\0008\000.\0001\000.\0007\000\040\000r\000i\000k\000i\000u\000o\000t\000i\000P\000a\000g\000a\000l\000G\000a\000l\000u\000t\000i\000n\000i\000M\000e\000d\000\050\000\051}{subsection.5.8.1}% 86
\BOOKMARK [3][-]{subsubsection.5.8.1.8}{\376\377\0005\000.\0008\000.\0001\000.\0008\000\040\000r\000i\000k\000i\000u\000o\000t\000i\000P\000a\000g\000a\000l\000G\000a\000l\000u\000t\000i\000n\000i\000V\000i\000d\000\050\000\051}{subsection.5.8.1}% 87
\BOOKMARK [3][-]{subsubsection.5.8.1.9}{\376\377\0005\000.\0008\000.\0001\000.\0009\000\040\000r\000i\000k\000i\000u\000o\000t\000i\000P\000a\000v\000a\000r\000d\000e\000\050\000\051}{subsection.5.8.1}% 88
\BOOKMARK [3][-]{subsubsection.5.8.1.10}{\376\377\0005\000.\0008\000.\0001\000.\0001\0000\000\040\000r\000i\000k\000i\000u\000o\000t\000i\000V\000a\000r\000d\000a\000\050\000\051}{subsection.5.8.1}% 89
\BOOKMARK [3][-]{subsubsection.5.8.1.11}{\376\377\0005\000.\0008\000.\0001\000.\0001\0001\000\040\000r\000o\000d\000y\000t\000i\000R\000e\000z\000\050\000\051}{subsection.5.8.1}% 90
\BOOKMARK [3][-]{subsubsection.5.8.1.12}{\376\377\0005\000.\0008\000.\0001\000.\0001\0002\000\040\000r\000o\000d\000y\000t\000i\000R\000e\000z\000u\000l\000t\000a\000t\000u\000s\000\050\000\051}{subsection.5.8.1}% 91
